// Jest Snapshot v1, https://goo.gl/fbAQLP

exports[`CreatePoll component renders a component 1`] = `
<div>
  <h1>
    Create Poll!
  </h1>
  <label>
    Add Option
  </label>
  <input
    onChange={[Function]}
    type="text"
    value=""
  />
</div>
`;
